2025.7.13
开始制作CA
v0.1
1.添加了游戏窗口
2.现在按下F11可以全屏
3.添加了在控制台输出fps的功能
2025.9.11
v0.1.1
1.添加了在游戏里显示fps的功能
2.添加了一个测试角色——cat
3.添加了选中角色的功能
4.添加了一个modapi——water和一个示例mod,但是目前没有什么实质性的作用
5.当鼠标放在一个可以被点击的对象上时，鼠标的图标会变化，表示该对象可以被点击
6.现在游戏里面的鼠标样式不同了
7.现在选中角色会出现选中角色的标记
8.现在角色可以通过选中>点击地图上的某个位置来移动
9.现在FPS不会挡住鼠标
2025.9.24
v0.1.2
1.修复了使用ico文件作为窗口图标时报错无法运行的问题
2.添加了敌人
3.添加了可以用鼠标在空白处绘制选中框的功能
4.修复了一些bug
5.现在的鼠标选中框可以选中和取消选中角色了
6.添加了游戏地图，现在可以移动地图了
7.地图现在拥有限位功能视角不会飞到地图外
8.添加了角色信息显示条 现在你可以直观的看到角色的名字和血条了
9.现在使用字典来保存角色信息
10. 修复了因为使用字典来保存角色信息而导致的bug
2025.10.20
v0.1.3
1. 开始使用godot重新制作项目
2. 添加了HUD
3. 重新制作了视角移动的功能
2026.03.26
4.添加了视角缩放的功能
2026.03.28
【添加】
视角限制功能，现在视角不会移出地图外了
【修改】
GUI改进
	删除了原来用单个单色贴图作为一行文本的背景，使用Lable的styles属性设置了背景
	重新排布了GUI
【修复】
靠近边界再移开视角会被“黏着”的bug
【已知问题】
角色选中后不能正常移动，目的地判定有问题
